#------------- 20480 x 20480 ----------------
S.shape      : (20480, 20480)
g.shape      : (20480,)
---------- k: 0 ----------
cholesky solve time  : 1.756192922592163
svd solve time       : 146.10850381851196
|Sx-g|^2/|g|^2       : 2.7672411998990173e-16
---------- k: 1 ----------
cholesky solve time  : 0.28104496002197266
svd solve time       : 145.72704243659973
|Sx-g|^2/|g|^2       : 2.7672411998990173e-16
---------- k: 2 ----------
cholesky solve time  : 0.2768833637237549
svd solve time       : 145.75173234939575
|Sx-g|^2/|g|^2       : 2.7672411998990173e-16
---------- k: 3 ----------
cholesky solve time  : 0.28142285346984863
svd solve time       : 145.66319274902344
|Sx-g|^2/|g|^2       : 2.7672411998990173e-16

#------------- 40960 x 40960 ----------------
S.shape      : (40960, 40960)
g.shape      : (40960,)
---------- k: 0 ----------
#out of memory for svd solver
cholesky solve time  : 13.2561354637146
|Sx-g|^2/|g|^2       : 5.220339348697729e-14
---------- k: 1 ----------
cholesky solve time  : 2.0932838916778564
|Sx-g|^2/|g|^2       : 5.220339348697729e-14
---------- k: 2 ----------
cholesky solve time  : 2.1018943786621094
|Sx-g|^2/|g|^2       : 5.220339348697729e-14
---------- k: 3 ----------
cholesky solve time  : 2.1014833450317383
|Sx-g|^2/|g|^2       : 5.220339348697729e-14
